******************************************************************************
             TMS320C2000 Linker PC v20.2.1                     
******************************************************************************
>> Linked Thu Nov  4 18:57:00 2021

OUTPUT FILE NAME:   <../final_lockin.out>
ENTRY POINT SYMBOL: "_c_int00"  address: 00082ce8


MEMORY CONFIGURATION

         name            origin    length      used     unused   attr    fill
----------------------  --------  ---------  --------  --------  ----  --------
PAGE 0:
  BEGIN                 00000000   00000002  00000000  00000002  RWIX
  RAMLS_PROG            00008000   00002000  000000d7  00001f29  RWIX
  BEGIN_FLASH           00080000   00000002  00000002  00000000  RWIX
  FLASHA_N              00080002   0003fffe  00004028  0003bfd6  RWIX
  RESET                 003fffc0   00000002  00000000  00000002  RWIX

PAGE 1:
  BOOT_RSVD             00000002   00000120  00000000  00000120  RWIX
  RAMM0M1               00000122   000006de  00000400  000002de  RWIX
  ADCA_RESULT           00000b00   00000020  00000018  00000008  RWIX
  ADCB_RESULT           00000b20   00000020  00000018  00000008  RWIX
  ADCC_RESULT           00000b40   00000020  00000018  00000008  RWIX
  ADCD_RESULT           00000b60   00000020  00000018  00000008  RWIX
  CPU_TIMER0            00000c00   00000008  00000008  00000000  RWIX
  CPU_TIMER1            00000c08   00000008  00000008  00000000  RWIX
  CPU_TIMER2            00000c10   00000008  00000008  00000000  RWIX
  PIE_CTRL              00000ce0   00000020  0000001a  00000006  RWIX
  PIE_VECT              00000d00   00000200  000001c0  00000040  RWIX
  DMA                   00001000   00000200  000000e0  00000120  RWIX
  CLA1                  00001400   00000040  0000003e  00000002  RWIX
  CLA1_MSGRAMLOW        00001480   00000080  00000000  00000080  RWIX
  CLA1_MSGRAMHIGH       00001500   00000080  00000000  00000080  RWIX
  EPWM1                 00004000   00000100  00000100  00000000  RWIX
  EPWM2                 00004100   00000100  00000100  00000000  RWIX
  EPWM3                 00004200   00000100  00000100  00000000  RWIX
  EPWM4                 00004300   00000100  00000100  00000000  RWIX
  EPWM5                 00004400   00000100  00000100  00000000  RWIX
  EPWM6                 00004500   00000100  00000100  00000000  RWIX
  EPWM7                 00004600   00000100  00000100  00000000  RWIX
  EPWM8                 00004700   00000100  00000100  00000000  RWIX
  EPWM9                 00004800   00000100  00000100  00000000  RWIX
  EPWM10                00004900   00000100  00000100  00000000  RWIX
  EPWM11                00004a00   00000100  00000100  00000000  RWIX
  EPWM12                00004b00   00000100  00000100  00000000  RWIX
  ECAP1                 00005000   00000020  00000020  00000000  RWIX
  ECAP2                 00005020   00000020  00000020  00000000  RWIX
  ECAP3                 00005040   00000020  00000020  00000000  RWIX
  ECAP4                 00005060   00000020  00000020  00000000  RWIX
  ECAP5                 00005080   00000020  00000020  00000000  RWIX
  ECAP6                 000050a0   00000020  00000020  00000000  RWIX
  EQEP1                 00005100   00000040  00000022  0000001e  RWIX
  EQEP2                 00005140   00000040  00000022  0000001e  RWIX
  EQEP3                 00005180   00000040  00000022  0000001e  RWIX
  DACA                  00005c00   00000010  00000008  00000008  RWIX
  DACB                  00005c10   00000010  00000008  00000008  RWIX
  DACC                  00005c20   00000010  00000008  00000008  RWIX
  CMPSS1                00005c80   00000020  00000020  00000000  RWIX
  CMPSS2                00005ca0   00000020  00000020  00000000  RWIX
  CMPSS3                00005cc0   00000020  00000020  00000000  RWIX
  CMPSS4                00005ce0   00000020  00000020  00000000  RWIX
  CMPSS5                00005d00   00000020  00000020  00000000  RWIX
  CMPSS6                00005d20   00000020  00000020  00000000  RWIX
  CMPSS7                00005d40   00000020  00000020  00000000  RWIX
  CMPSS8                00005d60   00000020  00000020  00000000  RWIX
  SDFM1                 00005e00   00000080  00000080  00000000  RWIX
  SDFM2                 00005e80   00000080  00000080  00000000  RWIX
  MCBSPA                00006000   00000040  00000024  0000001c  RWIX
  MCBSPB                00006040   00000040  00000024  0000001c  RWIX
  SPIA                  00006100   00000010  00000010  00000000  RWIX
  SPIB                  00006110   00000010  00000010  00000000  RWIX
  SPIC                  00006120   00000010  00000010  00000000  RWIX
  SPID                  00006130   00000010  00000000  00000010  RWIX
  UPP                   00006200   00000100  00000048  000000b8  RWIX
  WD                    00007000   00000040  0000002b  00000015  RWIX
  NMIINTRUPT            00007060   00000010  00000007  00000009  RWIX
  XINT                  00007070   00000010  0000000b  00000005  RWIX
  SCIA                  00007200   00000010  00000010  00000000  RWIX
  SCIB                  00007210   00000010  00000010  00000000  RWIX
  SCIC                  00007220   00000010  00000010  00000000  RWIX
  SCID                  00007230   00000010  00000010  00000000  RWIX
  I2CA                  00007300   00000040  00000022  0000001e  RWIX
  I2CB                  00007340   00000040  00000022  0000001e  RWIX
  ADCA                  00007400   00000080  00000080  00000000  RWIX
  ADCB                  00007480   00000080  00000080  00000000  RWIX
  ADCC                  00007500   00000080  00000080  00000000  RWIX
  ADCD                  00007580   00000080  00000080  00000000  RWIX
  INPUT_XBAR            00007900   00000020  00000020  00000000  RWIX
  XBAR                  00007920   00000020  00000020  00000000  RWIX
  SYNC_SOC              00007940   00000010  00000006  0000000a  RWIX
  DMACLASRCSEL          00007980   00000040  0000001a  00000026  RWIX
  EPWM_XBAR             00007a00   00000040  00000040  00000000  RWIX
  CLB_XBAR              00007a40   00000040  00000000  00000040  RWIX
  OUTPUT_XBAR           00007a80   00000040  00000040  00000000  RWIX
  GPIOCTRL              00007c00   00000180  00000180  00000000  RWIX
  GPIODAT               00007f00   00000030  00000030  00000000  RWIX
  RAMLS_DATA            0000a000   00001000  00000000  00001000  RWIX
  RAMD0D1               0000b000   00001000  00000400  00000c00  RWIX
  RAMGS_IPCBuffCPU1     0000c000   00001000  00000000  00001000  RWIX
  RAMGS_IPCBuffCPU2     0000d000   00001000  00000000  00001000  RWIX
  RAMGS_DATA            0000e000   00007000  00001664  0000599c  RWIX
  CPU2TOCPU1RAM         0003f800   00000400  00000000  00000400  RWIX
  CPU1TOCPU2RAM         0003fc00   00000400  00000000  00000400  RWIX
  EMIF1                 00047000   00000800  00000070  00000790  RWIX
  EMIF2                 00047800   00000800  00000070  00000790  RWIX
  IPC                   00050000   00000024  00000024  00000000  RWIX
  FLASHPUMPSEMAPHORE    00050024   00000002  00000002  00000000  RWIX
  DEV_CFG               0005d000   00000180  0000012e  00000052  RWIX
  ANALOG_SUBSYS         0005d180   00000080  00000048  00000038  RWIX
  CLK_CFG               0005d200   00000100  00000032  000000ce  RWIX
  CPU_SYS               0005d300   00000100  00000082  0000007e  RWIX
  ROMPREFETCH           0005e608   00000002  00000002  00000000  RWIX
  DCSM_Z1               0005f000   00000030  00000024  0000000c  RWIX
  DCSM_Z2               0005f040   00000030  00000024  0000000c  RWIX
  DCSM_COMMON           0005f070   00000010  00000008  00000008  RWIX
  MEMCFG                0005f400   00000080  00000080  00000000  RWIX
  EMIF1CONFIG           0005f480   00000020  00000020  00000000  RWIX
  EMIF2CONFIG           0005f4a0   00000020  00000020  00000000  RWIX
  ACCESSPROTECTION      0005f4c0   00000040  00000040  00000000  RWIX
  MEMORYERROR           0005f500   00000040  00000040  00000000  RWIX
  ROMWAITSTATE          0005f540   00000002  00000002  00000000  RWIX
  FLASH0_CTRL           0005f800   00000300  00000182  0000017e  RWIX
  FLASH0_ECC            0005fb00   00000040  00000028  00000018  RWIX
  DCSM_Z1_OTP           00078000   00000020  00000020  00000000  RWIX
  DCSM_Z2_OTP           00078200   00000020  00000020  00000000  RWIX


SECTION ALLOCATION MAP

 output                                  attributes/
section   page    origin      length       input sections
--------  ----  ----------  ----------   ----------------
codestart 
*          0    00080000    00000002     
                  00080000    00000002     F2837xD_CodeStartBranch.obj (codestart)

AdcaResultFile 
*          1    00000b00    00000018     UNINITIALIZED
                  00000b00    00000018     F2837xD_GlobalVariableDefs.obj (AdcaResultFile)

AdcbResultFile 
*          1    00000b20    00000018     UNINITIALIZED
                  00000b20    00000018     F2837xD_GlobalVariableDefs.obj (AdcbResultFile)

AdccResultFile 
*          1    00000b40    00000018     UNINITIALIZED
                  00000b40    00000018     F2837xD_GlobalVariableDefs.obj (AdccResultFile)

AdcdResultFile 
*          1    00000b60    00000018     UNINITIALIZED
                  00000b60    00000018     F2837xD_GlobalVariableDefs.obj (AdcdResultFile)

CpuTimer0RegsFile 
*          1    00000c00    00000008     UNINITIALIZED
                  00000c00    00000008     F2837xD_GlobalVariableDefs.obj (CpuTimer0RegsFile)

CpuTimer1RegsFile 
*          1    00000c08    00000008     UNINITIALIZED
                  00000c08    00000008     F2837xD_GlobalVariableDefs.obj (CpuTimer1RegsFile)

CpuTimer2RegsFile 
*          1    00000c10    00000008     UNINITIALIZED
                  00000c10    00000008     F2837xD_GlobalVariableDefs.obj (CpuTimer2RegsFile)

PieCtrlRegsFile 
*          1    00000ce0    0000001a     UNINITIALIZED
                  00000ce0    0000001a     F2837xD_GlobalVariableDefs.obj (PieCtrlRegsFile)

PieVectTableFile 
*          1    00000d00    000001c0     UNINITIALIZED
                  00000d00    000001c0     F2837xD_GlobalVariableDefs.obj (PieVectTableFile)

EmuKeyVar 
*          1    00000d00    00000001     UNINITIALIZED
                  00000d00    00000001     F2837xD_GlobalVariableDefs.obj (EmuKeyVar)

EmuBModeVar 
*          1    00000d01    00000001     UNINITIALIZED
                  00000d01    00000001     F2837xD_GlobalVariableDefs.obj (EmuBModeVar)

FlashCallbackVar 
*          1    00000d02    00000000     UNINITIALIZED

FlashScalingVar 
*          1    00000d02    00000000     UNINITIALIZED

DmaRegsFile 
*          1    00001000    000000e0     UNINITIALIZED
                  00001000    000000e0     F2837xD_GlobalVariableDefs.obj (DmaRegsFile)

Cla1RegsFile 
*          1    00001400    0000003e     UNINITIALIZED
                  00001400    0000003e     F2837xD_GlobalVariableDefs.obj (Cla1RegsFile)

EPwm1RegsFile 
*          1    00004000    00000100     UNINITIALIZED
                  00004000    00000100     F2837xD_GlobalVariableDefs.obj (EPwm1RegsFile)

EPwm2RegsFile 
*          1    00004100    00000100     UNINITIALIZED
                  00004100    00000100     F2837xD_GlobalVariableDefs.obj (EPwm2RegsFile)

EPwm3RegsFile 
*          1    00004200    00000100     UNINITIALIZED
                  00004200    00000100     F2837xD_GlobalVariableDefs.obj (EPwm3RegsFile)

EPwm4RegsFile 
*          1    00004300    00000100     UNINITIALIZED
                  00004300    00000100     F2837xD_GlobalVariableDefs.obj (EPwm4RegsFile)

EPwm5RegsFile 
*          1    00004400    00000100     UNINITIALIZED
                  00004400    00000100     F2837xD_GlobalVariableDefs.obj (EPwm5RegsFile)

EPwm6RegsFile 
*          1    00004500    00000100     UNINITIALIZED
                  00004500    00000100     F2837xD_GlobalVariableDefs.obj (EPwm6RegsFile)

EPwm7RegsFile 
*          1    00004600    00000100     UNINITIALIZED
                  00004600    00000100     F2837xD_GlobalVariableDefs.obj (EPwm7RegsFile)

EPwm8RegsFile 
*          1    00004700    00000100     UNINITIALIZED
                  00004700    00000100     F2837xD_GlobalVariableDefs.obj (EPwm8RegsFile)

EPwm9RegsFile 
*          1    00004800    00000100     UNINITIALIZED
                  00004800    00000100     F2837xD_GlobalVariableDefs.obj (EPwm9RegsFile)

EPwm10RegsFile 
*          1    00004900    00000100     UNINITIALIZED
                  00004900    00000100     F2837xD_GlobalVariableDefs.obj (EPwm10RegsFile)

EPwm11RegsFile 
*          1    00004a00    00000100     UNINITIALIZED
                  00004a00    00000100     F2837xD_GlobalVariableDefs.obj (EPwm11RegsFile)

EPwm12RegsFile 
*          1    00004b00    00000100     UNINITIALIZED
                  00004b00    00000100     F2837xD_GlobalVariableDefs.obj (EPwm12RegsFile)

ECap1RegsFile 
*          1    00005000    00000020     UNINITIALIZED
                  00005000    00000020     F2837xD_GlobalVariableDefs.obj (ECap1RegsFile)

ECap2RegsFile 
*          1    00005020    00000020     UNINITIALIZED
                  00005020    00000020     F2837xD_GlobalVariableDefs.obj (ECap2RegsFile)

ECap3RegsFile 
*          1    00005040    00000020     UNINITIALIZED
                  00005040    00000020     F2837xD_GlobalVariableDefs.obj (ECap3RegsFile)

ECap4RegsFile 
*          1    00005060    00000020     UNINITIALIZED
                  00005060    00000020     F2837xD_GlobalVariableDefs.obj (ECap4RegsFile)

ECap5RegsFile 
*          1    00005080    00000020     UNINITIALIZED
                  00005080    00000020     F2837xD_GlobalVariableDefs.obj (ECap5RegsFile)

ECap6RegsFile 
*          1    000050a0    00000020     UNINITIALIZED
                  000050a0    00000020     F2837xD_GlobalVariableDefs.obj (ECap6RegsFile)

EQep1RegsFile 
*          1    00005100    00000022     UNINITIALIZED
                  00005100    00000022     F2837xD_GlobalVariableDefs.obj (EQep1RegsFile)

EQep2RegsFile 
*          1    00005140    00000022     UNINITIALIZED
                  00005140    00000022     F2837xD_GlobalVariableDefs.obj (EQep2RegsFile)

EQep3RegsFile 
*          1    00005180    00000022     UNINITIALIZED
                  00005180    00000022     F2837xD_GlobalVariableDefs.obj (EQep3RegsFile)

DacaRegsFile 
*          1    00005c00    00000008     UNINITIALIZED
                  00005c00    00000008     F2837xD_GlobalVariableDefs.obj (DacaRegsFile)

DacbRegsFile 
*          1    00005c10    00000008     UNINITIALIZED
                  00005c10    00000008     F2837xD_GlobalVariableDefs.obj (DacbRegsFile)

DaccRegsFile 
*          1    00005c20    00000008     UNINITIALIZED
                  00005c20    00000008     F2837xD_GlobalVariableDefs.obj (DaccRegsFile)

Sdfm1RegsFile 
*          1    00005e00    00000080     UNINITIALIZED
                  00005e00    00000080     F2837xD_GlobalVariableDefs.obj (Sdfm1RegsFile)

Sdfm2RegsFile 
*          1    00005e80    00000080     UNINITIALIZED
                  00005e80    00000080     F2837xD_GlobalVariableDefs.obj (Sdfm2RegsFile)

McbspaRegsFile 
*          1    00006000    00000024     UNINITIALIZED
                  00006000    00000024     F2837xD_GlobalVariableDefs.obj (McbspaRegsFile)

McbspbRegsFile 
*          1    00006040    00000024     UNINITIALIZED
                  00006040    00000024     F2837xD_GlobalVariableDefs.obj (McbspbRegsFile)

SpiaRegsFile 
*          1    00006100    00000010     UNINITIALIZED
                  00006100    00000010     F2837xD_GlobalVariableDefs.obj (SpiaRegsFile)

SpibRegsFile 
*          1    00006110    00000010     UNINITIALIZED
                  00006110    00000010     F2837xD_GlobalVariableDefs.obj (SpibRegsFile)

SpicRegsFile 
*          1    00006120    00000010     UNINITIALIZED
                  00006120    00000010     F2837xD_GlobalVariableDefs.obj (SpicRegsFile)

UppRegsFile 
*          1    00006200    00000048     UNINITIALIZED
                  00006200    00000048     F2837xD_GlobalVariableDefs.obj (UppRegsFile)

WdRegsFile 
*          1    00007000    0000002b     UNINITIALIZED
                  00007000    0000002b     F2837xD_GlobalVariableDefs.obj (WdRegsFile)

NmiIntruptRegsFile 
*          1    00007060    00000007     UNINITIALIZED
                  00007060    00000007     F2837xD_GlobalVariableDefs.obj (NmiIntruptRegsFile)

XintRegsFile 
*          1    00007070    0000000b     UNINITIALIZED
                  00007070    0000000b     F2837xD_GlobalVariableDefs.obj (XintRegsFile)

SciaRegsFile 
*          1    00007200    00000010     UNINITIALIZED
                  00007200    00000010     F2837xD_GlobalVariableDefs.obj (SciaRegsFile)

ScibRegsFile 
*          1    00007210    00000010     UNINITIALIZED
                  00007210    00000010     F2837xD_GlobalVariableDefs.obj (ScibRegsFile)

ScicRegsFile 
*          1    00007220    00000010     UNINITIALIZED
                  00007220    00000010     F2837xD_GlobalVariableDefs.obj (ScicRegsFile)

ScidRegsFile 
*          1    00007230    00000010     UNINITIALIZED
                  00007230    00000010     F2837xD_GlobalVariableDefs.obj (ScidRegsFile)

I2caRegsFile 
*          1    00007300    00000022     UNINITIALIZED
                  00007300    00000022     F2837xD_GlobalVariableDefs.obj (I2caRegsFile)

I2cbRegsFile 
*          1    00007340    00000022     UNINITIALIZED
                  00007340    00000022     F2837xD_GlobalVariableDefs.obj (I2cbRegsFile)

AdcaRegsFile 
*          1    00007400    00000080     UNINITIALIZED
                  00007400    00000080     F2837xD_GlobalVariableDefs.obj (AdcaRegsFile)

AdcbRegsFile 
*          1    00007480    00000080     UNINITIALIZED
                  00007480    00000080     F2837xD_GlobalVariableDefs.obj (AdcbRegsFile)

AdccRegsFile 
*          1    00007500    00000080     UNINITIALIZED
                  00007500    00000080     F2837xD_GlobalVariableDefs.obj (AdccRegsFile)

AdcdRegsFile 
*          1    00007580    00000080     UNINITIALIZED
                  00007580    00000080     F2837xD_GlobalVariableDefs.obj (AdcdRegsFile)

AnalogSubsysRegsFile 
*          1    0005d180    00000048     UNINITIALIZED
                  0005d180    00000048     F2837xD_GlobalVariableDefs.obj (AnalogSubsysRegsFile)

Cla1SoftIntRegsFile 
*          1    00000ce0    00000004     DSECT
                  00000ce0    00000004     F2837xD_GlobalVariableDefs.obj (Cla1SoftIntRegsFile)

Cmpss1RegsFile 
*          1    00005c80    00000020     UNINITIALIZED
                  00005c80    00000020     F2837xD_GlobalVariableDefs.obj (Cmpss1RegsFile)

Cmpss2RegsFile 
*          1    00005ca0    00000020     UNINITIALIZED
                  00005ca0    00000020     F2837xD_GlobalVariableDefs.obj (Cmpss2RegsFile)

Cmpss3RegsFile 
*          1    00005cc0    00000020     UNINITIALIZED
                  00005cc0    00000020     F2837xD_GlobalVariableDefs.obj (Cmpss3RegsFile)

Cmpss4RegsFile 
*          1    00005ce0    00000020     UNINITIALIZED
                  00005ce0    00000020     F2837xD_GlobalVariableDefs.obj (Cmpss4RegsFile)

Cmpss5RegsFile 
*          1    00005d00    00000020     UNINITIALIZED
                  00005d00    00000020     F2837xD_GlobalVariableDefs.obj (Cmpss5RegsFile)

Cmpss6RegsFile 
*          1    00005d20    00000020     UNINITIALIZED
                  00005d20    00000020     F2837xD_GlobalVariableDefs.obj (Cmpss6RegsFile)

Cmpss7RegsFile 
*          1    00005d40    00000020     UNINITIALIZED
                  00005d40    00000020     F2837xD_GlobalVariableDefs.obj (Cmpss7RegsFile)

Cmpss8RegsFile 
*          1    00005d60    00000020     UNINITIALIZED
                  00005d60    00000020     F2837xD_GlobalVariableDefs.obj (Cmpss8RegsFile)

InputXbarRegsFile 
*          1    00007900    00000020     UNINITIALIZED
                  00007900    00000020     F2837xD_GlobalVariableDefs.obj (InputXbarRegsFile)

XbarRegsFile 
*          1    00007920    00000020     UNINITIALIZED
                  00007920    00000020     F2837xD_GlobalVariableDefs.obj (XbarRegsFile)

SyncSocRegsFile 
*          1    00007940    00000006     UNINITIALIZED
                  00007940    00000006     F2837xD_GlobalVariableDefs.obj (SyncSocRegsFile)

DmaClaSrcSelRegsFile 
*          1    00007980    0000001a     UNINITIALIZED
                  00007980    0000001a     F2837xD_GlobalVariableDefs.obj (DmaClaSrcSelRegsFile)

EPwmXbarRegsFile 
*          1    00007a00    00000040     UNINITIALIZED
                  00007a00    00000040     F2837xD_GlobalVariableDefs.obj (EPwmXbarRegsFile)

OutputXbarRegsFile 
*          1    00007a80    00000040     UNINITIALIZED
                  00007a80    00000040     F2837xD_GlobalVariableDefs.obj (OutputXbarRegsFile)

GpioCtrlRegsFile 
*          1    00007c00    00000180     UNINITIALIZED
                  00007c00    00000180     F2837xD_GlobalVariableDefs.obj (GpioCtrlRegsFile)

GpioDataRegsFile 
*          1    00007f00    00000030     UNINITIALIZED
                  00007f00    00000030     F2837xD_GlobalVariableDefs.obj (GpioDataRegsFile)

Emif1RegsFile 
*          1    00047000    00000070     UNINITIALIZED
                  00047000    00000070     F2837xD_GlobalVariableDefs.obj (Emif1RegsFile)

Emif2RegsFile 
*          1    00047800    00000070     UNINITIALIZED
                  00047800    00000070     F2837xD_GlobalVariableDefs.obj (Emif2RegsFile)

IpcRegsFile 
*          1    00050000    00000024     UNINITIALIZED
                  00050000    00000024     F2837xD_GlobalVariableDefs.obj (IpcRegsFile)

FlashPumpSemaphoreRegsFile 
*          1    00050024    00000002     UNINITIALIZED
                  00050024    00000002     F2837xD_GlobalVariableDefs.obj (FlashPumpSemaphoreRegsFile)

RomPrefetchRegsFile 
*          1    0005e608    00000002     UNINITIALIZED
                  0005e608    00000002     F2837xD_GlobalVariableDefs.obj (RomPrefetchRegsFile)

DcsmZ1RegsFile 
*          1    0005f000    00000024     UNINITIALIZED
                  0005f000    00000024     F2837xD_GlobalVariableDefs.obj (DcsmZ1RegsFile)

DcsmZ2RegsFile 
*          1    0005f040    00000024     UNINITIALIZED
                  0005f040    00000024     F2837xD_GlobalVariableDefs.obj (DcsmZ2RegsFile)

DcsmCommonRegsFile 
*          1    0005f070    00000008     UNINITIALIZED
                  0005f070    00000008     F2837xD_GlobalVariableDefs.obj (DcsmCommonRegsFile)

MemCfgRegsFile 
*          1    0005f400    00000080     UNINITIALIZED
                  0005f400    00000080     F2837xD_GlobalVariableDefs.obj (MemCfgRegsFile)

Emif1ConfigRegsFile 
*          1    0005f480    00000020     UNINITIALIZED
                  0005f480    00000020     F2837xD_GlobalVariableDefs.obj (Emif1ConfigRegsFile)

Emif2ConfigRegsFile 
*          1    0005f4a0    00000020     UNINITIALIZED
                  0005f4a0    00000020     F2837xD_GlobalVariableDefs.obj (Emif2ConfigRegsFile)

AccessProtectionRegsFile 
*          1    0005f4c0    00000040     UNINITIALIZED
                  0005f4c0    00000040     F2837xD_GlobalVariableDefs.obj (AccessProtectionRegsFile)

MemoryErrorRegsFile 
*          1    0005f500    00000040     UNINITIALIZED
                  0005f500    00000040     F2837xD_GlobalVariableDefs.obj (MemoryErrorRegsFile)

RomWaitStateRegsFile 
*          1    0005f540    00000002     UNINITIALIZED
                  0005f540    00000002     F2837xD_GlobalVariableDefs.obj (RomWaitStateRegsFile)

Flash0CtrlRegsFile 
*          1    0005f800    00000182     UNINITIALIZED
                  0005f800    00000182     F2837xD_GlobalVariableDefs.obj (Flash0CtrlRegsFile)

Flash0EccRegsFile 
*          1    0005fb00    00000028     UNINITIALIZED
                  0005fb00    00000028     F2837xD_GlobalVariableDefs.obj (Flash0EccRegsFile)

DcsmZ1OtpFile 
*          1    00078000    00000020     NOLOAD SECTION
                  00078000    00000020     F2837xD_GlobalVariableDefs.obj (DcsmZ1OtpFile)

DcsmZ2OtpFile 
*          1    00078200    00000020     NOLOAD SECTION
                  00078200    00000020     F2837xD_GlobalVariableDefs.obj (DcsmZ2OtpFile)

DevCfgRegsFile 
*          1    0005d000    0000012e     UNINITIALIZED
                  0005d000    0000012e     F2837xD_GlobalVariableDefs.obj (DevCfgRegsFile)

ClkCfgRegsFile 
*          1    0005d200    00000032     UNINITIALIZED
                  0005d200    00000032     F2837xD_GlobalVariableDefs.obj (ClkCfgRegsFile)

CpuSysRegsFile 
*          1    0005d300    00000082     UNINITIALIZED
                  0005d300    00000082     F2837xD_GlobalVariableDefs.obj (CpuSysRegsFile)

.cinit     0    00082fec    00000af1     
                  00082fec    00000a13     final_lockin_data.obj (.cinit)
                  000839ff    00000021     final_lockin.obj (.cinit:_rtDataTypeNames)
                  00083a20    0000001a     final_lockin.obj (.cinit:_rtBTransitions)
                  00083a3a    0000001a     ext_svr_c2000.obj (.cinit)
                  00083a54    00000012     final_lockin.obj (.cinit:_rtDataTypeSizes)
                  00083a66    00000012     final_lockin.obj (.cinit)
                  00083a78    0000000e     rts2800_fpu32.lib : exit.c.obj (.cinit)
                  00083a86    0000000a     c2837xDBoard_Realtime_Support.obj (.cinit)
                  00083a90    00000009     MW_c2000DAC.obj (.cinit:_MW_DAC_PTR)
                  00083a99    00000008     final_lockin.obj (.cinit:_rtPTransitions)
                  00083aa1    00000008     ext_work_c2000.obj (.cinit)
                  00083aa9    00000005     rts2800_fpu32.lib : _lock.c.obj (.cinit:__lock)
                  00083aae    00000005                       : _lock.c.obj (.cinit:__unlock)
                  00083ab3    00000005     updown_c2000.obj (.cinit:_firstTime$1)
                  00083ab8    00000005     ert_main.obj (.cinit:_isRateRunning)
                  00083abd    00000005     ert_main.obj (.cinit:_need2runFlags)
                  00083ac2    00000005     rtiostream_serial_c28x_ext.obj (.cinit)
                  00083ac7    00000004     MW_c2000DAC.obj (.cinit)
                  00083acb    00000004     MW_c28xGPIO.obj (.cinit)
                  00083acf    00000004     ert_main.obj (.cinit)
                  00083ad3    00000004     rts2800_fpu32.lib : memory.c.obj (.cinit)
                  00083ad7    00000004     updown_c2000.obj (.cinit)
                  00083adb    00000002     --HOLE-- [fill = 0]

.pinit     0    00080004    00000000     UNINITIALIZED

.text      0    00080004    00002f0e     
                  00080004    00000799     ext_svr_c2000.obj (.text)
                  0008079d    00000775     updown_c2000.obj (.text)
                  00080f12    00000585     F2837xD_DefaultISR.obj (.text:retain)
                  00081497    00000001     rts2800_fpu32.lib : startup.c.obj (.text)
                  00081498    000003d8     final_lockin.obj (.text)
                  00081870    00000309     F2837xD_SysCtrl.obj (.text)
                  00081b79    00000290     F2837xD_Ipc_Driver_Lite.obj (.text)
                  00081e09    0000028c     rts2800_fpu32.lib : memory.c.obj (.text)
                  00082095    000001cb     F2837xD_Gpio.obj (.text)
                  00082260    000001c3     c2837xDBoard_Realtime_Support.obj (.text)
                  00082423    00000001     --HOLE-- [fill = 0]
                  00082424    0000015a     rtiostream_serial_c28x_ext.obj (.text)
                  0008257e    000000ef     MW_c28xx_board.obj (.text)
                  0008266d    000000e5     F2837xD_Adc.obj (.text)
                  00082752    000000bd     c2837xDBoard_Realtime_Support.obj (.text:retain)
                  0008280f    000000b7     ert_main.obj (.text)
                  000828c6    000000ab     rtiostream_interface_c2000.obj (.text)
                  00082971    00000079     ext_work_c2000.obj (.text)
                  000829ea    00000075     rtiostream_utils_c2000.obj (.text)
                  00082a5f    00000063     MW_c2000DAC.obj (.text)
                  00082ac2    00000063     datamodify.obj (.text)
                  00082b25    0000005e     F2837xD_CpuTimers.obj (.text)
                  00082b83    0000005c     c2837xDSchedulerTimer0.obj (.text)
                  00082bdf    00000059     rts2800_fpu32.lib : s_floorf.c.obj (.text)
                  00082c38    00000058     daemon_checksum.obj (.text)
                  00082c90    00000058     rts2800_fpu32.lib : s_ceilf.c.obj (.text)
                  00082ce8    00000056                       : boot28.asm.obj (.text)
                  00082d3e    00000044     c2837xDSchedulerTimer0.obj (.text:retain)
                  00082d82    00000042     MW_c28xx_adc.obj (.text)
                  00082dc4    00000030     MW_c28xGPIO.obj (.text)
                  00082df4    00000029     rts2800_fpu32.lib : exit.c.obj (.text)
                  00082e1d    00000028     F2837xD_PieCtrl.obj (.text)
                  00082e45    00000024     rts2800_fpu32.lib : cpy_tbl.c.obj (.text)
                  00082e69    00000022                       : i_div28.asm.obj (.text)
                  00082e8b    0000001d                       : memcpy.c.obj (.text)
                  00082ea8    00000012     MW_c28xx_xbar.obj (.text)
                  00082eba    00000012     rts2800_fpu32.lib : args_main.c.obj (.text)
                  00082ecc    00000011     F2837xD_PieVect.obj (.text)
                  00082edd    00000011     MW_c28xGlobalInterrupts.obj (.text)
                  00082eee    0000000a     rts2800_fpu32.lib : strcmp.c.obj (.text)
                  00082ef8    00000009                       : _lock.c.obj (.text)
                  00082f01    00000008     F2837xD_CodeStartBranch.obj (.text)
                  00082f09    00000007     rts2800_fpu32.lib : memset.c.obj (.text)
                  00082f10    00000002                       : pre_init.c.obj (.text)

ramfuncs   0    00082f14    000000d7     RUN ADDR = 00008000
                  00082f14    0000004a     rtiostream_serial_c28x_ext.obj (ramfuncs:retain)
                  00082f5e    00000048     F2837xD_SysCtrl.obj (ramfuncs)
                  00082fa6    00000041     datamodify.obj (ramfuncs)
                  00082fe7    00000004     F2837xD_usDelay.obj (ramfuncs)

.econst    0    00083ae0    00000516     
                  00083ae0    000001c0     F2837xD_PieVect.obj (.econst:_PieVectTableInit)
                  00083ca0    00000140     final_lockin_data.obj (.econst:_final_lockin_ConstP)
                  00083de0    00000100     daemon_checksum.obj (.econst:_crc8_table_j1850)
                  00083ee0    000000be     final_lockin.obj (.econst:.string)
                  00083f9e    0000003b     ext_svr_c2000.obj (.econst:.string)
                  00083fd9    00000001     --HOLE-- [fill = 0]
                  00083fda    00000010     rtiostream_interface_c2000.obj (.econst:.string)
                  00083fea    00000004     ext_work_c2000.obj (.econst)
                  00083fee    00000004     final_lockin.obj (.econst)
                  00083ff2    00000002     rts2800_fpu32.lib : s_ceilf.c.obj (.econst)
                  00083ff4    00000002                       : s_floorf.c.obj (.econst)

.switch    0    00083ff8    0000003c     
                  00083ff8    00000020     ext_svr_c2000.obj (.switch:_rt_PktServerWork)
                  00084018    0000001c     c2837xDBoard_Realtime_Support.obj (.switch:_setInXBARForCPU2)

.stack     1    00000122    00000400     UNINITIALIZED
                  00000122    00000400     --HOLE--

.reset     0    003fffc0    00000002     DSECT
                  003fffc0    00000002     rts2800_fpu32.lib : boot28.asm.obj (.reset)

.esysmem   1    0000b000    00000400     UNINITIALIZED
                  0000b000    00000004     rts2800_fpu32.lib : memory.c.obj (.esysmem)
                  0000b004    000003fc     --HOLE--

GETBUFFER 
*          0    0003f800    00000000     DSECT

GETWRITEIDX 
*          0    0003f800    00000000     DSECT

PUTREADIDX 
*          0    0003f800    00000000     DSECT

WRITEFLAG1CPU2 
*          0    0003f800    00000000     DSECT

WRITEFLAG2CPU2 
*          0    0003f800    00000000     DSECT

READFLAG1CPU2 
*          0    0003f800    00000000     DSECT

READFLAG2CPU2 
*          0    0003f800    00000000     DSECT

.ebss      1    0000e000    00001664     UNINITIALIZED
                  0000e000    00000ae2     final_lockin.obj (.ebss)
                  0000eae2    0000001e     final_lockin.obj (.ebss:_rtDataTypeNames)
                  0000eb00    00000a10     final_lockin_data.obj (.ebss)
                  0000f510    00000020     rtiostream_serial_c28x_ext.obj (.ebss:_srcSerial)
                  0000f530    0000000f     final_lockin.obj (.ebss:_rtDataTypeSizes)
                  0000f53f    00000001     MW_c2000DAC.obj (.ebss)
                  0000f540    00000058     updown_c2000.obj (.ebss:_uploadInfoArray)
                  0000f598    00000018     F2837xD_CpuTimers.obj (.ebss)
                  0000f5b0    0000000e     ext_svr_c2000.obj (.ebss)
                  0000f5be    00000002     rts2800_fpu32.lib : _lock.c.obj (.ebss:__lock)
                  0000f5c0    00000042     datamodify.obj (.ebss)
                  0000f602    00000018     final_lockin.obj (.ebss:_rtBTransitions)
                  0000f61a    0000000a     ext_svr_c2000.obj (.ebss:_bufr$1)
                  0000f624    0000000a     ext_svr_c2000.obj (.ebss:_chunkBuffer)
                  0000f62e    00000006     MW_c2000DAC.obj (.ebss:_MW_DAC_PTR)
                  0000f634    00000006     final_lockin.obj (.ebss:_rtPTransitions)
                  0000f63a    00000006     final_lockin.obj (.ebss:_systemRan$3)
                  0000f640    00000006     c2837xDBoard_Realtime_Support.obj (.ebss)
                  0000f646    00000006     rts2800_fpu32.lib : exit.c.obj (.ebss)
                  0000f64c    00000004                       : memory.c.obj (.ebss)
                  0000f650    00000003     ert_main.obj (.ebss)
                  0000f653    00000001     MW_c28xGPIO.obj (.ebss)
                  0000f654    00000002     rts2800_fpu32.lib : _lock.c.obj (.ebss:__unlock)
                  0000f656    00000002     updown_c2000.obj (.ebss:_firstTime$1)
                  0000f658    00000002     ert_main.obj (.ebss:_isRateRunning)
                  0000f65a    00000002     ert_main.obj (.ebss:_need2runFlags)
                  0000f65c    00000002     ext_work_c2000.obj (.ebss)
                  0000f65e    00000002     rtiostream_interface_c2000.obj (.ebss)
                  0000f660    00000002     rtiostream_serial_c28x_ext.obj (.ebss)
                  0000f662    00000001     MW_c28xGlobalInterrupts.obj (.ebss)
                  0000f663    00000001     updown_c2000.obj (.ebss)

MODULE SUMMARY

       Module                              code    initialized data   uninitialized data
       ------                              ----    ----------------   ------------------
    <current directory>
       F2837xD_GlobalVariableDefs.obj      0       0                  8047              
       final_lockin_data.obj               0       2899               2576              
       final_lockin.obj                    984     297                2867              
       ext_svr_c2000.obj                   1945    117                34                
       updown_c2000.obj                    1909    9                  91                
       F2837xD_DefaultISR.obj              1413    0                  0                 
       F2837xD_SysCtrl.obj                 921     0                  0                 
       c2837xDBoard_Realtime_Support.obj   640     38                 6                 
       F2837xD_Ipc_Driver_Lite.obj         656     0                  0                 
       rtiostream_serial_c28x_ext.obj      494     5                  34                
       F2837xD_PieVect.obj                 17      448                0                 
       F2837xD_Gpio.obj                    459     0                  0                 
       daemon_checksum.obj                 88      256                0                 
       datamodify.obj                      229     0                  66                
       MW_c28xx_board.obj                  239     0                  0                 
       F2837xD_Adc.obj                     229     0                  0                 
       ert_main.obj                        183     14                 7                 
       rtiostream_interface_c2000.obj      171     16                 2                 
       c2837xDSchedulerTimer0.obj          160     0                  0                 
       ext_work_c2000.obj                  121     12                 2                 
       MW_c2000DAC.obj                     99      13                 7                 
       F2837xD_CpuTimers.obj               94      0                  24                
       rtiostream_utils_c2000.obj          117     0                  0                 
       MW_c28xx_adc.obj                    66      0                  0                 
       MW_c28xGPIO.obj                     48      4                  1                 
       F2837xD_PieCtrl.obj                 40      0                  0                 
       MW_c28xGlobalInterrupts.obj         17      0                  1                 
       MW_c28xx_xbar.obj                   18      0                  0                 
       F2837xD_CodeStartBranch.obj         10      0                  0                 
       F2837xD_usDelay.obj                 8       0                  0                 
    +--+-----------------------------------+-------+------------------+--------------------+
       Total:                              11375   4128               13765             
                                                                                        
    C:/PROGRA~3/MATLAB/SUPPOR~1/R2021a/3P778C~1.INS/TIC200~1.INS/TI-CGT~1.LTS/lib/rts2800_fpu32.lib
       memory.c.obj                        652     4                  4                 
       s_floorf.c.obj                      89      2                  0                 
       s_ceilf.c.obj                       88      2                  0                 
       boot28.asm.obj                      86      0                  0                 
       exit.c.obj                          41      14                 6                 
       cpy_tbl.c.obj                       36      0                  0                 
       i_div28.asm.obj                     34      0                  0                 
       memcpy.c.obj                        29      0                  0                 
       _lock.c.obj                         9       10                 4                 
       args_main.c.obj                     18      0                  0                 
       strcmp.c.obj                        10      0                  0                 
       memset.c.obj                        7       0                  0                 
       pre_init.c.obj                      2       0                  0                 
       startup.c.obj                       1       0                  0                 
    +--+-----------------------------------+-------+------------------+--------------------+
       Total:                              1102    32                 14                
                                                                                        
       Heap:                               0       0                  1024              
       Stack:                              0       0                  1024              
    +--+-----------------------------------+-------+------------------+--------------------+
       Grand Total:                        12477   4160               15827             


GLOBAL DATA SYMBOLS: SORTED BY DATA PAGE

address     data page           name
--------    ----------------    ----
00000122       4 (00000100)     __stack

00000b00      2c (00000b00)     _AdcaResultRegs
00000b20      2c (00000b00)     _AdcbResultRegs

00000b40      2d (00000b40)     _AdccResultRegs
00000b60      2d (00000b40)     _AdcdResultRegs

00000c00      30 (00000c00)     _CpuTimer0Regs
00000c08      30 (00000c00)     _CpuTimer1Regs
00000c10      30 (00000c00)     _CpuTimer2Regs

00000ce0      33 (00000cc0)     _Cla1SoftIntRegs
00000ce0      33 (00000cc0)     _PieCtrlRegs

00000d00      34 (00000d00)     _EmuKey
00000d00      34 (00000d00)     _PieVectTable
00000d01      34 (00000d00)     _EmuBMode

00001000      40 (00001000)     _DmaRegs

00001400      50 (00001400)     _Cla1Regs

00004000     100 (00004000)     _EPwm1Regs

00004100     104 (00004100)     _EPwm2Regs

00004200     108 (00004200)     _EPwm3Regs

00004300     10c (00004300)     _EPwm4Regs

00004400     110 (00004400)     _EPwm5Regs

00004500     114 (00004500)     _EPwm6Regs

00004600     118 (00004600)     _EPwm7Regs

00004700     11c (00004700)     _EPwm8Regs

00004800     120 (00004800)     _EPwm9Regs

00004900     124 (00004900)     _EPwm10Regs

00004a00     128 (00004a00)     _EPwm11Regs

00004b00     12c (00004b00)     _EPwm12Regs

00005000     140 (00005000)     _ECap1Regs
00005020     140 (00005000)     _ECap2Regs

00005040     141 (00005040)     _ECap3Regs
00005060     141 (00005040)     _ECap4Regs

00005080     142 (00005080)     _ECap5Regs
000050a0     142 (00005080)     _ECap6Regs

00005100     144 (00005100)     _EQep1Regs

00005140     145 (00005140)     _EQep2Regs

00005180     146 (00005180)     _EQep3Regs

00005c00     170 (00005c00)     _DacaRegs
00005c10     170 (00005c00)     _DacbRegs
00005c20     170 (00005c00)     _DaccRegs

00005c80     172 (00005c80)     _Cmpss1Regs
00005ca0     172 (00005c80)     _Cmpss2Regs

00005cc0     173 (00005cc0)     _Cmpss3Regs
00005ce0     173 (00005cc0)     _Cmpss4Regs

00005d00     174 (00005d00)     _Cmpss5Regs
00005d20     174 (00005d00)     _Cmpss6Regs

00005d40     175 (00005d40)     _Cmpss7Regs
00005d60     175 (00005d40)     _Cmpss8Regs

00005e00     178 (00005e00)     _Sdfm1Regs

00005e80     17a (00005e80)     _Sdfm2Regs

00006000     180 (00006000)     _McbspaRegs

00006040     181 (00006040)     _McbspbRegs

00006100     184 (00006100)     _SpiaRegs
00006110     184 (00006100)     _SpibRegs
00006120     184 (00006100)     _SpicRegs

00006200     188 (00006200)     _UppRegs

00007000     1c0 (00007000)     _WdRegs

00007060     1c1 (00007040)     _NmiIntruptRegs
00007070     1c1 (00007040)     _XintRegs

00007200     1c8 (00007200)     _SciaRegs
00007210     1c8 (00007200)     _ScibRegs
00007220     1c8 (00007200)     _ScicRegs
00007230     1c8 (00007200)     _ScidRegs

00007300     1cc (00007300)     _I2caRegs

00007340     1cd (00007340)     _I2cbRegs

00007400     1d0 (00007400)     _AdcaRegs

00007480     1d2 (00007480)     _AdcbRegs

00007500     1d4 (00007500)     _AdccRegs

00007580     1d6 (00007580)     _AdcdRegs

00007900     1e4 (00007900)     _InputXbarRegs
00007920     1e4 (00007900)     _XbarRegs

00007940     1e5 (00007940)     _SyncSocRegs

00007980     1e6 (00007980)     _DmaClaSrcSelRegs

00007a00     1e8 (00007a00)     _EPwmXbarRegs

00007a80     1ea (00007a80)     _OutputXbarRegs

00007c00     1f0 (00007c00)     _GpioCtrlRegs

00007f00     1fc (00007f00)     _GpioDataRegs

0000b000     2c0 (0000b000)     __sys_memory

0000e000     380 (0000e000)     _MW_adcAInitFlag
0000e028     380 (0000e000)     _final_lockin_B

0000e080     382 (0000e080)     _final_lockin_DW

0000eb00     3ac (0000eb00)     _final_lockin_P

0000f510     3d4 (0000f500)     _srcSerial

0000f598     3d6 (0000f580)     _CpuTimer0
0000f5a0     3d6 (0000f580)     _CpuTimer1
0000f5a8     3d6 (0000f580)     _CpuTimer2
0000f5b0     3d6 (0000f580)     _seqId
0000f5be     3d6 (0000f580)     __lock

0000f5c0     3d7 (0000f5c0)     _queRx

0000f62e     3d8 (0000f600)     _MW_DAC_PTR

0000f640     3d9 (0000f640)     _ErrorFlag
0000f642     3d9 (0000f640)     _mwInitStart
0000f644     3d9 (0000f640)     _mwInitEnd
0000f646     3d9 (0000f640)     ___TI_enable_exit_profile_output
0000f648     3d9 (0000f640)     ___TI_cleanup_ptr
0000f64a     3d9 (0000f640)     ___TI_dtors_ptr
0000f650     3d9 (0000f640)     _IsrOverrun
0000f651     3d9 (0000f640)     _stopRequested
0000f652     3d9 (0000f640)     _runModel
0000f653     3d9 (0000f640)     _GPIO_oneTimeInit
0000f654     3d9 (0000f640)     __unlock
0000f658     3d9 (0000f640)     _isRateRunning
0000f65a     3d9 (0000f640)     _need2runFlags
0000f65c     3d9 (0000f640)     _startModel
0000f65d     3d9 (0000f640)     _modelStatus
0000f660     3d9 (0000f640)     _MW_SCI_PTR
0000f662     3d9 (0000f640)     _MW_InterruptDisableLock
0000f663     3d9 (0000f640)     _host_upstatus_is_uploading

00047000    11c0 (00047000)     _Emif1Regs

00047800    11e0 (00047800)     _Emif2Regs

00050000    1400 (00050000)     _IpcRegs
00050024    1400 (00050000)     _FlashPumpSemaphoreRegs

0005d000    1740 (0005d000)     _DevCfgRegs

0005d180    1746 (0005d180)     _AnalogSubsysRegs

0005d200    1748 (0005d200)     _ClkCfgRegs

0005d300    174c (0005d300)     _CpuSysRegs

0005e608    1798 (0005e600)     _RomPrefetchRegs

0005f000    17c0 (0005f000)     _DcsmZ1Regs

0005f040    17c1 (0005f040)     _DcsmZ2Regs
0005f070    17c1 (0005f040)     _DcsmCommonRegs

0005f400    17d0 (0005f400)     _MemCfgRegs

0005f480    17d2 (0005f480)     _Emif1ConfigRegs
0005f4a0    17d2 (0005f480)     _Emif2ConfigRegs

0005f4c0    17d3 (0005f4c0)     _AccessProtectionRegs

0005f500    17d4 (0005f500)     _MemoryErrorRegs

0005f540    17d5 (0005f540)     _RomWaitStateRegs

0005f800    17e0 (0005f800)     _Flash0CtrlRegs

0005fb00    17ec (0005fb00)     _Flash0EccRegs

00078000    1e00 (00078000)     _DcsmZ1Otp

00078200    1e08 (00078200)     _DcsmZ2Otp

00083ae0    20eb (00083ac0)     _PieVectTableInit

00083ca0    20f2 (00083c80)     _final_lockin_ConstP

00083de0    20f7 (00083dc0)     _crc8_table_j1850

00083ff0    20ff (00083fc0)     _final_lockin_M


GLOBAL SYMBOLS: SORTED ALPHABETICALLY BY Name 

page  address   name                                     
----  -------   ----                                     
0     00080004  .text                                    
0     00082df4  C$$EXIT                                  
0     00082e69  I$$DIV                                   
0     00082e7a  I$$MOD                                   
0     0008148d  _ADCA1_ISR                               
0     00081483  _ADCA2_ISR                               
0     00081479  _ADCA3_ISR                               
0     0008146f  _ADCA4_ISR                               
0     00081465  _ADCA_EVT_ISR                            
0     0008145b  _ADCB1_ISR                               
0     00081451  _ADCB2_ISR                               
0     00081447  _ADCB3_ISR                               
0     0008143d  _ADCB4_ISR                               
0     00081433  _ADCB_EVT_ISR                            
0     00081429  _ADCC1_ISR                               
0     0008141f  _ADCC2_ISR                               
0     00081415  _ADCC3_ISR                               
0     0008140b  _ADCC4_ISR                               
0     00081401  _ADCC_EVT_ISR                            
0     000813f7  _ADCD1_ISR                               
0     000813ed  _ADCD2_ISR                               
0     000813e3  _ADCD3_ISR                               
0     000813d9  _ADCD4_ISR                               
0     000813cf  _ADCD_EVT_ISR                            
0     000813c5  _AUX_PLL_SLIP_ISR                        
1     0005f4c0  _AccessProtectionRegs                    
0     000826a2  _AdcSetMode                              
1     00007400  _AdcaRegs                                
1     00000b00  _AdcaResultRegs                          
1     00007480  _AdcbRegs                                
1     00000b20  _AdcbResultRegs                          
1     00007500  _AdccRegs                                
1     00000b40  _AdccResultRegs                          
1     00007580  _AdcdRegs                                
1     00000b60  _AdcdResultRegs                          
1     0005d180  _AnalogSubsysRegs                        
0     00081a37  _AuxAuxClkSel                            
0     00081a52  _AuxIntOsc2Sel                           
0     00081a41  _AuxXtalOscSel                           
0     00082b15  _BytePacker16bits                        
0     00082b04  _BytePacker32bits                        
0     00082af2  _BytePackerInplace32bits                 
0     000813bb  _CANA0_ISR                               
0     000813b1  _CANA1_ISR                               
0     000813a7  _CANB0_ISR                               
0     0008139d  _CANB1_ISR                               
0     00081393  _CLA1_1_ISR                              
0     00081389  _CLA1_2_ISR                              
0     0008137f  _CLA1_3_ISR                              
0     00081375  _CLA1_4_ISR                              
0     0008136b  _CLA1_5_ISR                              
0     00081361  _CLA1_6_ISR                              
0     00081357  _CLA1_7_ISR                              
0     0008134d  _CLA1_8_ISR                              
0     00081343  _CLA_OVERFLOW_ISR                        
0     00081339  _CLA_UNDERFLOW_ISR                       
0     00082752  _CPU02toCPU01IPC0IntHandler              
0     0008266d  _CalAdcINL                               
1     00001400  _Cla1Regs                                
0     00000ce0  _Cla1SoftIntRegs                         
1     0005d200  _ClkCfgRegs                              
1     00005c80  _Cmpss1Regs                              
1     00005ca0  _Cmpss2Regs                              
1     00005cc0  _Cmpss3Regs                              
1     00005ce0  _Cmpss4Regs                              
1     00005d00  _Cmpss5Regs                              
1     00005d20  _Cmpss6Regs                              
1     00005d40  _Cmpss7Regs                              
1     00005d60  _Cmpss8Regs                              
0     00082b60  _ConfigCpuTimer                          
1     0005d300  _CpuSysRegs                              
1     0000f598  _CpuTimer0                               
1     00000c00  _CpuTimer0Regs                           
1     0000f5a0  _CpuTimer1                               
1     00000c08  _CpuTimer1Regs                           
1     0000f5a8  _CpuTimer2                               
1     00000c10  _CpuTimer2Regs                           
0     00081b58  _CsmUnlock                               
0     0008132f  _DATALOG_ISR                             
0     00081325  _DMA_CH1_ISR                             
0     0008131b  _DMA_CH2_ISR                             
0     00081311  _DMA_CH3_ISR                             
0     00081307  _DMA_CH4_ISR                             
0     000812fd  _DMA_CH5_ISR                             
0     000812f3  _DMA_CH6_ISR                             
1     00005c00  _DacaRegs                                
1     00005c10  _DacbRegs                                
1     00005c20  _DaccRegs                                
1     0005f070  _DcsmCommonRegs                          
1     00078000  _DcsmZ1Otp                               
1     0005f000  _DcsmZ1Regs                              
1     00078200  _DcsmZ2Otp                               
1     0005f040  _DcsmZ2Regs                              
0     00081e02  _DelayLoop                               
1     0005d000  _DevCfgRegs                              
0     00081949  _DisableDog                              
0     00081b02  _DisablePeripheralClocks                 
1     00007980  _DmaClaSrcSelRegs                        
1     00001000  _DmaRegs                                 
0     000812e9  _ECAP1_ISR                               
0     000812df  _ECAP2_ISR                               
0     000812d5  _ECAP3_ISR                               
0     000812cb  _ECAP4_ISR                               
0     000812c1  _ECAP5_ISR                               
0     000812b7  _ECAP6_ISR                               
1     00005000  _ECap1Regs                               
1     00005020  _ECap2Regs                               
1     00005040  _ECap3Regs                               
1     00005060  _ECap4Regs                               
1     00005080  _ECap5Regs                               
1     000050a0  _ECap6Regs                               
0     000812ad  _EMIF_ERROR_ISR                          
0     000812a0  _EMPTY_ISR                               
0     00081296  _EMU_ISR                                 
0     0008128c  _EPWM10_ISR                              
0     00081282  _EPWM10_TZ_ISR                           
0     00081278  _EPWM11_ISR                              
0     0008126e  _EPWM11_TZ_ISR                           
0     00081264  _EPWM12_ISR                              
0     0008125a  _EPWM12_TZ_ISR                           
0     00081250  _EPWM1_ISR                               
0     00081246  _EPWM1_TZ_ISR                            
0     0008123c  _EPWM2_ISR                               
0     00081232  _EPWM2_TZ_ISR                            
0     00081228  _EPWM3_ISR                               
0     0008121e  _EPWM3_TZ_ISR                            
0     00081214  _EPWM4_ISR                               
0     0008120a  _EPWM4_TZ_ISR                            
0     00081200  _EPWM5_ISR                               
0     000811f6  _EPWM5_TZ_ISR                            
0     000811ec  _EPWM6_ISR                               
0     000811e2  _EPWM6_TZ_ISR                            
0     000811d8  _EPWM7_ISR                               
0     000811ce  _EPWM7_TZ_ISR                            
0     000811c4  _EPWM8_ISR                               
0     000811ba  _EPWM8_TZ_ISR                            
0     000811b0  _EPWM9_ISR                               
0     000811a6  _EPWM9_TZ_ISR                            
1     00004900  _EPwm10Regs                              
1     00004a00  _EPwm11Regs                              
1     00004b00  _EPwm12Regs                              
1     00004000  _EPwm1Regs                               
1     00004100  _EPwm2Regs                               
1     00004200  _EPwm3Regs                               
1     00004300  _EPwm4Regs                               
1     00004400  _EPwm5Regs                               
1     00004500  _EPwm6Regs                               
1     00004600  _EPwm7Regs                               
1     00004700  _EPwm8Regs                               
1     00004800  _EPwm9Regs                               
1     00007a00  _EPwmXbarRegs                            
0     0008119c  _EQEP1_ISR                               
0     00081192  _EQEP2_ISR                               
0     00081188  _EQEP3_ISR                               
1     00005100  _EQep1Regs                               
1     00005140  _EQep2Regs                               
1     00005180  _EQep3Regs                               
1     0005f480  _Emif1ConfigRegs                         
1     00047000  _Emif1Regs                               
1     0005f4a0  _Emif2ConfigRegs                         
1     00047800  _Emif2Regs                               
1     00000d01  _EmuBMode                                
1     00000d00  _EmuKey                                  
0     00082e3c  _EnableInterrupts                        
1     0000f640  _ErrorFlag                               
0     00082970  _ExtCloseConnection                      
0     0008296f  _ExtForceDisconnect                      
0     00082957  _ExtGetHostPkt                           
0     00082955  _ExtInit                                 
0     00082954  _ExtModeSleep                            
0     00082950  _ExtOpenConnection                       
0     0008077b  _ExtParseArgsAndInitUD                   
0     000828fc  _ExtProcessArgs                          
0     000828e6  _ExtSetHostPkt                           
0     000828d0  _ExtSetHostPkt8bit                       
0     000828cc  _ExtShutDown                             
0     000828c9  _ExtUserDataCreate                       
0     000828c8  _ExtUserDataDestroy                      
0     00080775  _ExtWaitForStartPkt                      
0     000828c6  _ExtWaitForStartPktFromHost              
0     000080d3  _F28x_usDelay                            
0     0008117e  _FLASH_CORRECTABLE_ERROR_ISR             
0     00081174  _FPU_OVERFLOW_ISR                        
0     0008116a  _FPU_UNDERFLOW_ISR                       
1     0005f800  _Flash0CtrlRegs                          
1     0005fb00  _Flash0EccRegs                           
0     0000807e  _FlashOff                                
1     00050024  _FlashPumpSemaphoreRegs                  
0     00082250  _GPIO_EnableUnbondedIOPullups            
0     0008222b  _GPIO_EnableUnbondedIOPullupsFor100Pin   
0     00082212  _GPIO_EnableUnbondedIOPullupsFor176Pin   
0     000821fe  _GPIO_ReadPin                            
0     000821dc  _GPIO_SetupLock                          
0     00082187  _GPIO_SetupPinMux                        
0     00082102  _GPIO_SetupPinOptions                    
0     000820fb  _GPIO_SetupXINT1Gpio                     
0     000820f4  _GPIO_SetupXINT2Gpio                     
0     000820ed  _GPIO_SetupXINT3Gpio                     
0     000820e6  _GPIO_SetupXINT4Gpio                     
0     000820df  _GPIO_SetupXINT5Gpio                     
0     00082de0  _GPIO_TogglePin                          
0     000820c5  _GPIO_WritePin                           
1     0000f653  _GPIO_oneTimeInit                        
1     00007c00  _GpioCtrlRegs                            
1     00007f00  _GpioDataRegs                            
0     00081b3f  _HALT                                    
0     00081b20  _HIB                                     
0     00081160  _I2CA_FIFO_ISR                           
0     00081156  _I2CA_ISR                                
0     0008114c  _I2CB_FIFO_ISR                           
0     00081142  _I2CB_ISR                                
1     00007300  _I2caRegs                                
1     00007340  _I2cbRegs                                
0     00081af9  _IDLE                                    
0     00081138  _ILLEGAL_ISR                             
0     0008112e  _IPC0_ISR                                
0     00081124  _IPC1_ISR                                
0     0008111a  _IPC2_ISR                                
0     00081110  _IPC3_ISR                                
0     00081ddb  _IPCLiteLtoRClearBits                    
0     00081cb6  _IPCLiteLtoRClearBits_Protected          
0     00081dbd  _IPCLiteLtoRDataRead                     
0     00081d9b  _IPCLiteLtoRDataWrite                    
0     00081d79  _IPCLiteLtoRDataWrite_Protected          
0     00081d5e  _IPCLiteLtoRFunctionCall                 
0     00081d4a  _IPCLiteLtoRGetResult                    
0     00081d23  _IPCLiteLtoRSetBits                      
0     00081cdd  _IPCLiteLtoRSetBits_Protected            
0     00081d04  _IPCLiteReqMemAccess                     
0     00081c8c  _IPCLiteRtoLClearBits                    
0     00081c5f  _IPCLiteRtoLClearBits_Protected          
0     00081c3e  _IPCLiteRtoLDataRead                     
0     00081c18  _IPCLiteRtoLDataWrite                    
0     00081bef  _IPCLiteRtoLDataWrite_Protected          
0     00081bcc  _IPCLiteRtoLFunctionCall                 
0     00081ba4  _IPCLiteRtoLSetBits                      
0     00081b79  _IPCLiteRtoLSetBits_Protected            
0     00082da7  _InitAdcA                                
0     00081a5f  _InitAuxPll                              
0     00082b25  _InitCpuTimers                           
0     0000804a  _InitFlash                               
0     00082095  _InitGpio                                
0     00081956  _InitPeripheralClocks                    
0     00082e1d  _InitPieCtrl                             
0     00082ecc  _InitPieVectTable                        
0     000819ff  _InitSysCtrl                             
0     000818c5  _InitSysPll                              
1     00007900  _InputXbarRegs                           
1     00050000  _IpcRegs                                 
0     0008253b  _IsEscapeChar16bit                       
1     0000f650  _IsrOverrun                              
0     00081106  _MCBSPA_RX_ISR                           
0     000810fc  _MCBSPA_TX_ISR                           
0     000810f2  _MCBSPB_RX_ISR                           
0     000810e8  _MCBSPB_TX_ISR                           
0     00082aa1  _MW_ConfigureDACA                        
0     00082a80  _MW_ConfigureDACB                        
0     00082a5f  _MW_ConfigureDACC                        
1     0000f62e  _MW_DAC_PTR                              
1     0000f662  _MW_InterruptDisableLock                 
1     0000f660  _MW_SCI_PTR                              
1     0000e000  _MW_adcAInitFlag                         
1     00006000  _McbspaRegs                              
1     00006040  _McbspbRegs                              
1     0005f400  _MemCfgRegs                              
1     0005f500  _MemoryErrorRegs                         
0     000810de  _NMI_ISR                                 
0     000810d4  _NOTUSED_ISR                             
1     00007060  _NmiIntruptRegs                          
0     00082dd5  _OneTimeGpioInit                         
1     00007a80  _OutputXbarRegs                          
0     000810ca  _PIE_RESERVED_ISR                        
1     00000ce0  _PieCtrlRegs                             
1     00000d00  _PieVectTable                            
0     00083ae0  _PieVectTableInit                        
0     000810c0  _RAM_ACCESS_VIOLATION_ISR                
0     000810b6  _RAM_CORRECTABLE_ERROR_ISR               
0     000810ac  _RTOS_ISR                                
0     00082feb  _RamfuncsLoadEnd                         
abs   000000d7  _RamfuncsLoadSize                        
0     00082f14  _RamfuncsLoadStart                       
0     000080d7  _RamfuncsRunEnd                          
abs   000000d7  _RamfuncsRunSize                         
0     00008000  _RamfuncsRunStart                        
0     000818bb  _ReleaseFlashPump                        
1     0005e608  _RomPrefetchRegs                         
1     0005f540  _RomWaitStateRegs                        
0     000810a2  _SCIA_RX_ISR                             
0     00081098  _SCIA_TX_ISR                             
0     0008108e  _SCIB_RX_ISR                             
0     00081084  _SCIB_TX_ISR                             
0     0008107a  _SCIC_RX_ISR                             
0     00081070  _SCIC_TX_ISR                             
0     00081066  _SCID_RX_ISR                             
0     0008105c  _SCID_TX_ISR                             
0     00008000  _SCIRXINT_isr                            
0     00081052  _SD1_ISR                                 
0     00081048  _SD2_ISR                                 
0     0008103e  _SPIA_RX_ISR                             
0     00081034  _SPIA_TX_ISR                             
0     0008102a  _SPIB_RX_ISR                             
0     00081020  _SPIB_TX_ISR                             
0     00081016  _SPIC_RX_ISR                             
0     0008100c  _SPIC_TX_ISR                             
0     000818b0  _STANDBY                                 
0     00081002  _SYS_PLL_SLIP_ISR                        
1     00007200  _SciaRegs                                
1     00007210  _ScibRegs                                
1     00007220  _ScicRegs                                
1     00007230  _ScidRegs                                
1     00005e00  _Sdfm1Regs                               
1     00005e80  _Sdfm2Regs                               
0     0008189e  _SeizeFlashPump                          
0     0008028e  _SendPktToHost                           
0     00081890  _ServiceDog                              
0     00080e89  _SetParam                                
0     00082dc4  _Set_GPIOPin                             
1     00006100  _SpiaRegs                                
1     00006110  _SpibRegs                                
1     00006120  _SpicRegs                                
1     00007940  _SyncSocRegs                             
0     00081886  _SysIntOsc1Sel                           
0     0008187c  _SysIntOsc2Sel                           
0     00081870  _SysXtalOscSel                           
0     00080ff8  _TIMER0_ISR                              
0     00080fee  _TIMER1_ISR                              
0     00080fe4  _TIMER2_ISR                              
0     00082d3e  _TINT0_isr                               
0     00080fda  _UPPA_ISR                                
0     00080fd0  _USBA_ISR                                
0     00080fc6  _USER10_ISR                              
0     00080fbc  _USER11_ISR                              
0     00080fb2  _USER12_ISR                              
0     00080fa8  _USER1_ISR                               
0     00080f9e  _USER2_ISR                               
0     00080f94  _USER3_ISR                               
0     00080f8a  _USER4_ISR                               
0     00080f80  _USER5_ISR                               
0     00080f76  _USER6_ISR                               
0     00080f6c  _USER7_ISR                               
0     00080f62  _USER8_ISR                               
0     00080f58  _USER9_ISR                               
0     00080ad1  _UploadArmTrigger                        
0     00080d0a  _UploadBufAddTimePoint                   
0     00080c1b  _UploadBufDataSent                       
0     00080bd3  _UploadBufGetData                        
0     00080b51  _UploadCancelLogging                     
0     00080b3a  _UploadCheckEndTrigger                   
0     00080b02  _UploadCheckTrigger                      
0     00080ac3  _UploadEndLoggingSession                 
0     00080a09  _UploadInitTrigger                       
0     00080973  _UploadLogInfoInit                       
0     000807ff  _UploadLogInfoReset                      
0     00080829  _UploadLogInfoTerm                       
0     0008079d  _UploadPrepareForFinalFlush              
0     00080035  _UploadServerWork                        
1     00006200  _UppRegs                                 
0     00080f4e  _VCU_ISR                                 
0     00080f44  _WAKE_ISR                                
1     00007000  _WdRegs                                  
0     00080f3a  _XINT1_ISR                               
0     00080f30  _XINT2_ISR                               
0     00080f26  _XINT3_ISR                               
0     00080f1c  _XINT4_ISR                               
0     00080f12  _XINT5_ISR                               
1     00007920  _XbarRegs                                
1     00007070  _XintRegs                                
1     00000522  __STACK_END                              
abs   00000400  __STACK_SIZE                             
abs   00000400  __SYSMEM_SIZE                            
1     0000f648  ___TI_cleanup_ptr                        
1     0000f64a  ___TI_dtors_ptr                          
1     0000f646  ___TI_enable_exit_profile_output         
0     00082093  ___TI_heap_check                         
0     00082076  ___TI_heap_largest_available             
0     00082059  ___TI_heap_total_available               
abs   ffffffff  ___TI_pprof_out_hndl                     
abs   ffffffff  ___TI_prof_data_size                     
abs   ffffffff  ___TI_prof_data_start                    
abs   ffffffff  ___binit__                               
abs   ffffffff  ___c_args__                              
0     00082fec  ___cinit__                               
0     00082f12  ___etext__                               
abs   ffffffff  ___pinit__                               
0     00080004  ___text__                                
0     00082eba  __args_main                              
1     0000f5be  __lock                                   
0     00082f00  __nop                                    
0     00082efc  __register_lock                          
0     00082ef8  __register_unlock                        
1     00000122  __stack                                  
1     0000b000  __sys_memory                             
0     00081497  __system_post_cinit                      
0     00082f10  __system_pre_init                        
1     0000f654  __unlock                                 
0     00082df4  _abort                                   
0     00082ad7  _addElement                              
0     00081fb3  _aligned_alloc                           
0     0008246b  _byteswap_L8exp_esc                      
0     00082414  _c2000_flash_init                        
0     00082ce8  _c_int00                                 
0     00082c4d  _calculate_crc8_j1850                    
0     00082c8a  _calculate_crc8_j1850_bytePacked         
0     00082c38  _calculate_crc8_j1850_withInit           
0     00082c67  _calculate_crc8_j1850_withInit_bytePacked
0     00081f86  _calloc                                  
0     00082c90  _ceil                                    
0     00082c90  _ceilf                                   
0     00082d82  _config_ADCA_SOC0                        
0     00082ea8  _configureIXbar                          
0     00082bad  _configureTimer0                         
0     00082e45  _copy_in                                 
0     00083de0  _crc8_table_j1850                        
0     00008092  _deleteElement                           
0     00082b88  _disableTimer0Interrupt                  
0     00082b9b  _enableTimer0Interrupt                   
0     00082510  _enable_interrupts_sci                   
0     00082df6  _exit                                    
1     0000e028  _final_lockin_B                          
0     00083ca0  _final_lockin_ConstP                     
1     0000e080  _final_lockin_DW                         
0     00083ff0  _final_lockin_M                          
1     0000eb00  _final_lockin_P                          
0     00081867  _final_lockin_SetEventsForThisBaseStep   
0     0008178c  _final_lockin_initialize                 
0     0008156f  _final_lockin_step0                      
0     000814b8  _final_lockin_step1                      
0     000814b7  _final_lockin_terminate                  
0     00082bdf  _floor                                   
0     00082bdf  _floorf                                  
0     00081e34  _free                                    
0     00082ee5  _globalInterruptDisable                  
0     00082edd  _globalInterruptEnable                   
1     0000f663  _host_upstatus_is_uploading              
0     00082ad0  _initQue                                 
0     00082391  _initSetGPIOIPC                          
0     000824b6  _init_SCI_external_mode                  
0     0008257e  _init_board                              
0     00082ac9  _isEmpty                                 
0     00082ac2  _isFull                                  
1     0000f658  _isRateRunning                           
0     0008284e  _main                                    
0     00081e09  _malloc                                  
0     00081fb3  _memalign                                
0     00082e8b  _memcpy                                  
0     00082f09  _memset                                  
0     00081f82  _minit                                   
1     0000f65d  _modelStatus                             
1     0000f644  _mwInitEnd                               
1     0000f642  _mwInitStart                             
1     0000f65a  _need2runFlags                           
1     0000f5c0  _queRx                                   
0     00081efe  _realloc                                 
0     00082ba5  _restoreTimer0Interrupt                  
0     00082971  _rtERTExtModeSetTFinal                   
0     000829e9  _rtERTExtModeStartMsg                    
0     000829e6  _rtExtModeCheckEndTrigger                
0     000829e3  _rtExtModeCheckInit                      
0     000829d5  _rtExtModeOneStep                        
0     000829d0  _rtExtModeParseArgs                      
0     000829ab  _rtExtModePauseIfNeeded                  
0     000829a8  _rtExtModeShutdown                       
0     000829a5  _rtExtModeUpload                         
0     000829a2  _rtExtModeUploadCheckTrigger             
0     00082977  _rtExtModeWaitForStartPkt                
0     00082a38  _rtIOStreamBlockingRecv                  
0     00082a11  _rtIOStreamBlockingSend                  
0     000829ea  _rtIOStreamBlockingSend8Bits             
0     00082539  _rtIOStreamClose                         
0     0008251f  _rtIOStreamOpen                          
0     000824ab  _rtIOStreamRecv                          
0     00082487  _rtIOStreamSend                          
0     00082466  _rtIOStreamSend8Bits                     
0     00082972  _rtParseArgsForExtMode                   
0     00082971  _rtSetTFinalForExtMode                   
0     0008075d  _rt_ExtModeInit                          
0     0008072d  _rt_ExtModeShutdown                      
0     00080707  _rt_ExtModeSleep                         
0     0008280f  _rt_OneStep                              
0     00080648  _rt_PktServerWork                        
0     000801ae  _rt_UploadBufAddTimePoint                
0     000801a1  _rt_UploadCheckEndTrigger                
0     00080190  _rt_UploadCheckTrigger                   
0     0008017f  _rt_UploadServerWork                     
0     00081498  _rt_roundd_snf                           
1     0000f652  _runModel                                
0     00082439  _sci_rcv_external_mode                   
0     00082424  _sci_xmit_external_mode                  
1     0000f5b0  _seqId                                   
0     0008234e  _setEpwmXBARForCPU2                      
0     00082313  _setGPIOForCPU2                          
0     000822af  _setInXBARForCPU2                        
0     00082260  _setOutXBARForCPU2                       
1     0000f510  _srcSerial                               
1     0000f65c  _startModel                              
1     0000f651  _stopRequested                           
0     00082b83  _stopTimer0                              
0     00082eee  _strcmp                                  
0     00082c53  _verify_crc8_j1850                       
abs   ffffffff  binit                                    
0     00082fec  cinit                                    
0     00080000  code_start                               
0     00082f12  etext                                    
abs   ffffffff  pinit                                    


GLOBAL SYMBOLS: SORTED BY Symbol Address 

page  address   name                                     
----  -------   ----                                     
0     00000ce0  _Cla1SoftIntRegs                         
0     00008000  _RamfuncsRunStart                        
0     00008000  _SCIRXINT_isr                            
0     0000804a  _InitFlash                               
0     0000807e  _FlashOff                                
0     00008092  _deleteElement                           
0     000080d3  _F28x_usDelay                            
0     000080d7  _RamfuncsRunEnd                          
0     00080000  code_start                               
0     00080004  .text                                    
0     00080004  ___text__                                
0     00080035  _UploadServerWork                        
0     0008017f  _rt_UploadServerWork                     
0     00080190  _rt_UploadCheckTrigger                   
0     000801a1  _rt_UploadCheckEndTrigger                
0     000801ae  _rt_UploadBufAddTimePoint                
0     0008028e  _SendPktToHost                           
0     00080648  _rt_PktServerWork                        
0     00080707  _rt_ExtModeSleep                         
0     0008072d  _rt_ExtModeShutdown                      
0     0008075d  _rt_ExtModeInit                          
0     00080775  _ExtWaitForStartPkt                      
0     0008077b  _ExtParseArgsAndInitUD                   
0     0008079d  _UploadPrepareForFinalFlush              
0     000807ff  _UploadLogInfoReset                      
0     00080829  _UploadLogInfoTerm                       
0     00080973  _UploadLogInfoInit                       
0     00080a09  _UploadInitTrigger                       
0     00080ac3  _UploadEndLoggingSession                 
0     00080ad1  _UploadArmTrigger                        
0     00080b02  _UploadCheckTrigger                      
0     00080b3a  _UploadCheckEndTrigger                   
0     00080b51  _UploadCancelLogging                     
0     00080bd3  _UploadBufGetData                        
0     00080c1b  _UploadBufDataSent                       
0     00080d0a  _UploadBufAddTimePoint                   
0     00080e89  _SetParam                                
0     00080f12  _XINT5_ISR                               
0     00080f1c  _XINT4_ISR                               
0     00080f26  _XINT3_ISR                               
0     00080f30  _XINT2_ISR                               
0     00080f3a  _XINT1_ISR                               
0     00080f44  _WAKE_ISR                                
0     00080f4e  _VCU_ISR                                 
[...]
0     0008141f  _ADCC2_ISR                               
0     00081429  _ADCC1_ISR                               
0     00081433  _ADCB_EVT_ISR                            
0     0008143d  _ADCB4_ISR                               
0     00081447  _ADCB3_ISR                               
0     00081451  _ADCB2_ISR                               
0     0008145b  _ADCB1_ISR                               
0     00081465  _ADCA_EVT_ISR                            
0     0008146f  _ADCA4_ISR                               
0     00081479  _ADCA3_ISR                               
0     00081483  _ADCA2_ISR                               
0     0008148d  _ADCA1_ISR                               
0     00081497  __system_post_cinit                      
0     00081498  _rt_roundd_snf                           
0     000814b7  _final_lockin_terminate                  
0     000814b8  _final_lockin_step1                      
0     0008156f  _final_lockin_step0                      
0     0008178c  _final_lockin_initialize                 
0     00081867  _final_lockin_SetEventsForThisBaseStep   
0     00081870  _SysXtalOscSel                           
0     0008187c  _SysIntOsc2Sel                           
0     00081886  _SysIntOsc1Sel                           
0     00081890  _ServiceDog                              
0     0008189e  _SeizeFlashPump                          
0     000818b0  _STANDBY                                 
0     000818bb  _ReleaseFlashPump                        
0     000818c5  _InitSysPll                              
0     00081949  _DisableDog                              
0     00081956  _InitPeripheralClocks                    
0     000819ff  _InitSysCtrl                             
0     00081a37  _AuxAuxClkSel                            
0     00081a41  _AuxXtalOscSel                           
0     00081a52  _AuxIntOsc2Sel                           
0     00081a5f  _InitAuxPll                              
0     00081af9  _IDLE                                    
0     00081b02  _DisablePeripheralClocks                 
0     00081b20  _HIB                                     
0     00081b3f  _HALT                                    
0     00081b58  _CsmUnlock                               
0     00081b79  _IPCLiteRtoLSetBits_Protected            
0     00081ba4  _IPCLiteRtoLSetBits                      
0     00081bcc  _IPCLiteRtoLFunctionCall                 
0     00081bef  _IPCLiteRtoLDataWrite_Protected          
0     00081c18  _IPCLiteRtoLDataWrite                    
0     00081c3e  _IPCLiteRtoLDataRead                     
0     00081c5f  _IPCLiteRtoLClearBits_Protected          
0     00081c8c  _IPCLiteRtoLClearBits                    
0     00081cb6  _IPCLiteLtoRClearBits_Protected          
0     00081cdd  _IPCLiteLtoRSetBits_Protected            
0     00081d04  _IPCLiteReqMemAccess                     
0     00081d23  _IPCLiteLtoRSetBits                      
0     00081d4a  _IPCLiteLtoRGetResult                    
0     00081d5e  _IPCLiteLtoRFunctionCall                 
0     00081d79  _IPCLiteLtoRDataWrite_Protected          
0     00081d9b  _IPCLiteLtoRDataWrite                    
0     00081dbd  _IPCLiteLtoRDataRead                     
0     00081ddb  _IPCLiteLtoRClearBits                    
0     00081e02  _DelayLoop                               
0     00081e09  _malloc                                  
0     00081e34  _free                                    
0     00081efe  _realloc                                 
0     00081f82  _minit                                   
0     00081f86  _calloc                                  
0     00081fb3  _aligned_alloc                           
0     00081fb3  _memalign                                
0     00082059  ___TI_heap_total_available               
0     00082076  ___TI_heap_largest_available             
0     00082093  ___TI_heap_check                         
0     00082095  _InitGpio                                
0     000820c5  _GPIO_WritePin                           
0     000820df  _GPIO_SetupXINT5Gpio                     
0     000820e6  _GPIO_SetupXINT4Gpio                     
0     000820ed  _GPIO_SetupXINT3Gpio                     
0     000820f4  _GPIO_SetupXINT2Gpio                     
0     000820fb  _GPIO_SetupXINT1Gpio                     
0     00082102  _GPIO_SetupPinOptions                    
0     00082187  _GPIO_SetupPinMux                        
0     000821dc  _GPIO_SetupLock                          
0     000821fe  _GPIO_ReadPin                            
0     00082212  _GPIO_EnableUnbondedIOPullupsFor176Pin   
0     0008222b  _GPIO_EnableUnbondedIOPullupsFor100Pin   
0     00082250  _GPIO_EnableUnbondedIOPullups            
0     00082260  _setOutXBARForCPU2                       
0     000822af  _setInXBARForCPU2                        
0     00082313  _setGPIOForCPU2                          
0     0008234e  _setEpwmXBARForCPU2                      
0     00082391  _initSetGPIOIPC                          
0     00082414  _c2000_flash_init                        
0     00082424  _sci_xmit_external_mode                  
0     00082439  _sci_rcv_external_mode                   
0     00082466  _rtIOStreamSend8Bits                     
0     0008246b  _byteswap_L8exp_esc                      
0     00082487  _rtIOStreamSend                          
0     000824ab  _rtIOStreamRecv                          
0     000824b6  _init_SCI_external_mode                  
0     00082510  _enable_interrupts_sci                   
0     0008251f  _rtIOStreamOpen                          
0     00082539  _rtIOStreamClose                         
0     0008253b  _IsEscapeChar16bit                       
0     0008257e  _init_board                              
0     0008266d  _CalAdcINL                               
0     000826a2  _AdcSetMode                              
0     00082752  _CPU02toCPU01IPC0IntHandler              
0     0008280f  _rt_OneStep                              
0     0008284e  _main                                    
0     000828c6  _ExtWaitForStartPktFromHost              
0     000828c8  _ExtUserDataDestroy                      
0     000828c9  _ExtUserDataCreate                       
0     000828cc  _ExtShutDown                             
0     000828d0  _ExtSetHostPkt8bit                       
0     000828e6  _ExtSetHostPkt                           
0     000828fc  _ExtProcessArgs                          
0     00082950  _ExtOpenConnection                       
0     00082954  _ExtModeSleep                            
0     00082955  _ExtInit                                 
0     00082957  _ExtGetHostPkt                           
0     0008296f  _ExtForceDisconnect                      
0     00082970  _ExtCloseConnection                      
0     00082971  _rtERTExtModeSetTFinal                   
0     00082971  _rtSetTFinalForExtMode                   
0     00082972  _rtParseArgsForExtMode                   
0     00082977  _rtExtModeWaitForStartPkt                
0     000829a2  _rtExtModeUploadCheckTrigger             
0     000829a5  _rtExtModeUpload                         
0     000829a8  _rtExtModeShutdown                       
0     000829ab  _rtExtModePauseIfNeeded                  
0     000829d0  _rtExtModeParseArgs                      
0     000829d5  _rtExtModeOneStep                        
0     000829e3  _rtExtModeCheckInit                      
0     000829e6  _rtExtModeCheckEndTrigger                
0     000829e9  _rtERTExtModeStartMsg                    
0     000829ea  _rtIOStreamBlockingSend8Bits             
0     00082a11  _rtIOStreamBlockingSend                  
0     00082a38  _rtIOStreamBlockingRecv                  
0     00082a5f  _MW_ConfigureDACC                        
0     00082a80  _MW_ConfigureDACB                        
0     00082aa1  _MW_ConfigureDACA                        
0     00082ac2  _isFull                                  
0     00082ac9  _isEmpty                                 
0     00082ad0  _initQue                                 
0     00082ad7  _addElement                              
0     00082af2  _BytePackerInplace32bits                 
0     00082b04  _BytePacker32bits                        
0     00082b15  _BytePacker16bits                        
0     00082b25  _InitCpuTimers                           
0     00082b60  _ConfigCpuTimer                          
0     00082b83  _stopTimer0                              
0     00082b88  _disableTimer0Interrupt                  
0     00082b9b  _enableTimer0Interrupt                   
0     00082ba5  _restoreTimer0Interrupt                  
0     00082bad  _configureTimer0                         
0     00082bdf  _floor                                   
0     00082bdf  _floorf                                  
0     00082c38  _calculate_crc8_j1850_withInit           
0     00082c4d  _calculate_crc8_j1850                    
0     00082c53  _verify_crc8_j1850                       
0     00082c67  _calculate_crc8_j1850_withInit_bytePacked
0     00082c8a  _calculate_crc8_j1850_bytePacked         
0     00082c90  _ceil                                    
0     00082c90  _ceilf                                   
0     00082ce8  _c_int00                                 
0     00082d3e  _TINT0_isr                               
0     00082d82  _config_ADCA_SOC0                        
0     00082da7  _InitAdcA                                
0     00082dc4  _Set_GPIOPin                             
0     00082dd5  _OneTimeGpioInit                         
0     00082de0  _GPIO_TogglePin                          
0     00082df4  C$$EXIT                                  
0     00082df4  _abort                                   
0     00082df6  _exit                                    
0     00082e1d  _InitPieCtrl                             
0     00082e3c  _EnableInterrupts                        
0     00082e45  _copy_in                                 
0     00082e69  I$$DIV                                   
0     00082e7a  I$$MOD                                   
0     00082e8b  _memcpy                                  
0     00082ea8  _configureIXbar                          
0     00082eba  __args_main                              
0     00082ecc  _InitPieVectTable                        
0     00082edd  _globalInterruptEnable                   
0     00082ee5  _globalInterruptDisable                  
0     00082eee  _strcmp                                  
0     00082ef8  __register_unlock                        
0     00082efc  __register_lock                          
0     00082f00  __nop                                    
0     00082f09  _memset                                  
0     00082f10  __system_pre_init                        
0     00082f12  ___etext__                               
0     00082f12  etext                                    
0     00082f14  _RamfuncsLoadStart                       
0     00082feb  _RamfuncsLoadEnd                         
0     00082fec  ___cinit__                               
0     00082fec  cinit                                    
0     00083ae0  _PieVectTableInit                        
0     00083ca0  _final_lockin_ConstP                     
0     00083de0  _crc8_table_j1850                        
0     00083ff0  _final_lockin_M                          
1     00000122  __stack                                  
1     00000522  __STACK_END                              
1     00000b00  _AdcaResultRegs                          
1     00000b20  _AdcbResultRegs                          
1     00000b40  _AdccResultRegs                          
1     00000b60  _AdcdResultRegs                          
1     00000c00  _CpuTimer0Regs                           
1     00000c08  _CpuTimer1Regs                           
1     00000c10  _CpuTimer2Regs                           
1     00000ce0  _PieCtrlRegs                             
1     00000d00  _EmuKey                                  
1     00000d00  _PieVectTable                            
1     00000d01  _EmuBMode                                
1     00001000  _DmaRegs                                 
1     00001400  _Cla1Regs                                
1     00004000  _EPwm1Regs                               
1     00004100  _EPwm2Regs                               
1     00004200  _EPwm3Regs                               
1     00004300  _EPwm4Regs                               
1     00004400  _EPwm5Regs                               
1     00004500  _EPwm6Regs                               
1     00004600  _EPwm7Regs                               
1     00004700  _EPwm8Regs                               
1     00004800  _EPwm9Regs                               
1     00004900  _EPwm10Regs                              
1     00004a00  _EPwm11Regs                              
1     00004b00  _EPwm12Regs                              
1     00005000  _ECap1Regs                               
1     00005020  _ECap2Regs                               
1     00005040  _ECap3Regs                               
1     00005060  _ECap4Regs                               
1     00005080  _ECap5Regs                               
1     000050a0  _ECap6Regs                               
1     00005100  _EQep1Regs                               
1     00005140  _EQep2Regs                               
1     00005180  _EQep3Regs                               
1     00005c00  _DacaRegs                                
1     00005c10  _DacbRegs                                
1     00005c20  _DaccRegs                                
1     00005c80  _Cmpss1Regs                              
1     00005ca0  _Cmpss2Regs                              
1     00005cc0  _Cmpss3Regs                              
1     00005ce0  _Cmpss4Regs                              
1     00005d00  _Cmpss5Regs                              
1     00005d20  _Cmpss6Regs                              
1     00005d40  _Cmpss7Regs                              
1     00005d60  _Cmpss8Regs                              
1     00005e00  _Sdfm1Regs                               
1     00005e80  _Sdfm2Regs                               
1     00006000  _McbspaRegs                              
1     00006040  _McbspbRegs                              
1     00006100  _SpiaRegs                                
1     00006110  _SpibRegs                                
1     00006120  _SpicRegs                                
1     00006200  _UppRegs                                 
1     00007000  _WdRegs                                  
1     00007060  _NmiIntruptRegs                          
1     00007070  _XintRegs                                
1     00007200  _SciaRegs                                
1     00007210  _ScibRegs                                
1     00007220  _ScicRegs                                
1     00007230  _ScidRegs                                
1     00007300  _I2caRegs                                
1     00007340  _I2cbRegs                                
1     00007400  _AdcaRegs                                
1     00007480  _AdcbRegs                                
1     00007500  _AdccRegs                                
1     00007580  _AdcdRegs                                
1     00007900  _InputXbarRegs                           
1     00007920  _XbarRegs                                
1     00007940  _SyncSocRegs                             
1     00007980  _DmaClaSrcSelRegs                        
1     00007a00  _EPwmXbarRegs                            
1     00007a80  _OutputXbarRegs                          
1     00007c00  _GpioCtrlRegs                            
1     00007f00  _GpioDataRegs                            
1     0000b000  __sys_memory                             
1     0000e000  _MW_adcAInitFlag                         
1     0000e028  _final_lockin_B                          
1     0000e080  _final_lockin_DW                         
1     0000eb00  _final_lockin_P                          
1     0000f510  _srcSerial                               
1     0000f598  _CpuTimer0                               
1     0000f5a0  _CpuTimer1                               
1     0000f5a8  _CpuTimer2                               
1     0000f5b0  _seqId                                   
1     0000f5be  __lock                                   
1     0000f5c0  _queRx                                   
1     0000f62e  _MW_DAC_PTR                              
1     0000f640  _ErrorFlag                               
1     0000f642  _mwInitStart                             
1     0000f644  _mwInitEnd                               
1     0000f646  ___TI_enable_exit_profile_output         
1     0000f648  ___TI_cleanup_ptr                        
1     0000f64a  ___TI_dtors_ptr                          
1     0000f650  _IsrOverrun                              
1     0000f651  _stopRequested                           
1     0000f652  _runModel                                
1     0000f653  _GPIO_oneTimeInit                        
1     0000f654  __unlock                                 
1     0000f658  _isRateRunning                           
1     0000f65a  _need2runFlags                           
1     0000f65c  _startModel                              
1     0000f65d  _modelStatus                             
1     0000f660  _MW_SCI_PTR                              
1     0000f662  _MW_InterruptDisableLock                 
1     0000f663  _host_upstatus_is_uploading              
1     00047000  _Emif1Regs                               
1     00047800  _Emif2Regs                               
1     00050000  _IpcRegs                                 
1     00050024  _FlashPumpSemaphoreRegs                  
1     0005d000  _DevCfgRegs                              
1     0005d180  _AnalogSubsysRegs                        
1     0005d200  _ClkCfgRegs                              
1     0005d300  _CpuSysRegs                              
1     0005e608  _RomPrefetchRegs                         
1     0005f000  _DcsmZ1Regs                              
1     0005f040  _DcsmZ2Regs                              
1     0005f070  _DcsmCommonRegs                          
1     0005f400  _MemCfgRegs                              
1     0005f480  _Emif1ConfigRegs                         
1     0005f4a0  _Emif2ConfigRegs                         
1     0005f4c0  _AccessProtectionRegs                    
1     0005f500  _MemoryErrorRegs                         
1     0005f540  _RomWaitStateRegs                        
1     0005f800  _Flash0CtrlRegs                          
1     0005fb00  _Flash0EccRegs                           
1     00078000  _DcsmZ1Otp                               
1     00078200  _DcsmZ2Otp                               
abs   000000d7  _RamfuncsLoadSize                        
abs   000000d7  _RamfuncsRunSize                         
abs   00000400  __STACK_SIZE                             
abs   00000400  __SYSMEM_SIZE                            
abs   ffffffff  ___TI_pprof_out_hndl                     
abs   ffffffff  ___TI_prof_data_size                     
abs   ffffffff  ___TI_prof_data_start                    
abs   ffffffff  ___binit__                               
abs   ffffffff  ___c_args__                              
abs   ffffffff  ___pinit__                               
abs   ffffffff  binit                                    
abs   ffffffff  pinit                                    

[504 symbols]
